{
    "stub": {
        "content": [
            {
                "0": [
                    "01_plotQC_raw_intensities.png:md5,d41d8cd98f00b204e9800998ecf8427e"
                ],
                "1": [
                    "qc_raw.tsv:md5,d41d8cd98f00b204e9800998ecf8427e"
                ],
                "2": [
                    "low_intensity_samples.tsv:md5,d41d8cd98f00b204e9800998ecf8427e"
                ],
                "3": [
                    "versions.yml:md5,82fd2e4b3166d6b60c3714c2d1d67aa7"
                ],
                "low_intensity_tsv": [
                    "low_intensity_samples.tsv:md5,d41d8cd98f00b204e9800998ecf8427e"
                ],
                "qc_plot": [
                    "01_plotQC_raw_intensities.png:md5,d41d8cd98f00b204e9800998ecf8427e"
                ],
                "qc_tsv": [
                    "qc_raw.tsv:md5,d41d8cd98f00b204e9800998ecf8427e"
                ],
                "versions": [
                    "versions.yml:md5,82fd2e4b3166d6b60c3714c2d1d67aa7"
                ]
            }
        ],
        "timestamp": "2026-08-01T10:58:50.927796",
        "meta": {
            "nf-test": "0.9.5",
            "nextflow": "25.10.3"
        }
    }
}